
> frontend@0.1.0 test
> jest

node.exe : FAIL __tests__/constants.test.ts
At C:\Program Files\nodejs\npm.ps1:29 char:3
+   & $NODE_EXE $NPM_CLI_JS $args
+   ~~~~~~~~~~~~~~~~~~~~~~~~~~~~~
    + CategoryInfo          : NotSpecified: (FAIL __tests__/constants.test.ts:String) [], RemoteException
    + FullyQualifiedErrorId : NativeCommandError
 
  ΓùÅ Constants ΓÇ║ PRIORITY_LABELS ΓÇ║ should have correct priority labels

    TypeError: Cannot read properties of undefined (reading 'low')

    [0m [90m 18 |[39m   describe([32m'PRIORITY_LABELS'[39m[33m,[39m () [33m=>[39m {
     [90m 19 |[39m     it([32m'should have correct priority labels'[39m[33m,[39m () [33m=>[39m {
    [31m[1m>[22m[39m[90m 20 |[39m       
expect([33mPRIORITY_LABELS[39m[33m.[39mlow)[33m.[39mtoBe([32m'Low'[39m)[33m;[39m
     [90m    |[39m                              [31m[1m^[22m[39m
     [90m 21 |[39m       
expect([33mPRIORITY_LABELS[39m[33m.[39mmedium)[33m.[39mtoBe([32m'Medium'[39m)[33m;[39m
     [90m 22 |[39m       
expect([33mPRIORITY_LABELS[39m[33m.[39mhigh)[33m.[39mtoBe([32m'High'[39m)[33m;[39m
     [90m 23 |[39m     })[33m;[39m[0m

      at Object.low (__tests__/constants.test.ts:20:30)

  ΓùÅ Constants ΓÇ║ PRIORITY_LABELS ΓÇ║ should have all priority levels

    TypeError: Cannot convert undefined or null to object
        at Function.keys (<anonymous>)

    [0m [90m 24 |[39m
     [90m 25 |[39m     it([32m'should have all priority levels'[39m[33m,[39m () [33m=>[39m {
    [31m[1m>[22m[39m[90m 26 |[39m       
expect([33mObject[39m[33m.[39mkeys([33mPRIORITY_LABELS[39m))[33m.[39mtoContain([32m'low'[39m)[33m;[39m
     [90m    |[39m                     [31m[1m^[22m[39m
     [90m 27 |[39m       
expect([33mObject[39m[33m.[39mkeys([33mPRIORITY_LABELS[39m))[33m.[39mtoContain([32m'medium'[39m)[33m;[39m
     [90m 28 |[39m       
expect([33mObject[39m[33m.[39mkeys([33mPRIORITY_LABELS[39m))[33m.[39mtoContain([32m'high'[39m)[33m;[39m
     [90m 29 |[39m     })[33m;[39m[0m

      at Object.keys (__tests__/constants.test.ts:26:21)

FAIL __tests__/api.test.ts
  ΓùÅ API Client ΓÇ║ API Configuration ΓÇ║ should be configured with base URL from environment

    TypeError: Cannot read properties of undefined (reading 'baseURL')

    [0m [90m 67 |[39m   describe([32m'API Configuration'[39m[33m,[39m () [33m=>[39m {
     [90m 68 |[39m     it([32m'should be configured with base URL from environment'[39m[33m,[39m () 
[33m=>[39m {
    [31m[1m>[22m[39m[90m 69 |[39m       
expect(api[33m.[39mdefaults[33m.[39mbaseURL)[33m.[39mtoBeDefined()[33m;[39m
     [90m    |[39m                           [31m[1m^[22m[39m
     [90m 70 |[39m     })[33m;[39m
     [90m 71 |[39m
     [90m 72 |[39m     it([32m'should have correct default headers'[39m[33m,[39m () [33m=>[39m {[0m

      at Object.baseURL (__tests__/api.test.ts:69:27)

  ΓùÅ API Client ΓÇ║ API Configuration ΓÇ║ should have correct default headers

    TypeError: Cannot read properties of undefined (reading 'headers')

    [0m [90m 71 |[39m
     [90m 72 |[39m     it([32m'should have correct default headers'[39m[33m,[39m () [33m=>[39m {
    [31m[1m>[22m[39m[90m 73 |[39m       expect(api[33m.[39mdefaults[33m.[39mheaders[[32m'Content-Type'[39
m])[33m.[39mtoBe([32m'application/json'[39m)[33m;[39m
     [90m    |[39m                           [31m[1m^[22m[39m
     [90m 74 |[39m       expect(api[33m.[39mdefaults[33m.[39mheaders[[32m'Accept'[39m])[33m.[39mtoBe([32m'
application/json'[39m)[33m;[39m
     [90m 75 |[39m     })[33m;[39m
     [90m 76 |[39m   })[33m;[39m[0m

      at Object.headers (__tests__/api.test.ts:73:27)

FAIL __tests__/services-complete.test.ts
  ΓùÅ Console

    console.log
      ≡ƒöù [TaskService] Fetching tasks from: /tasks

      at Function.log [as getTasks] (services/taskService.ts:8:15)

    console.log
      Γ£à [TaskService] Response: {
        success: true,
        count: 2,
        message: undefined,
        rawDataType: 'object',
        isArray: true
      }

      at Function.log [as getTasks] (services/taskService.ts:27:15)

    console.log
      ≡ƒôè [TaskService] Returning 2 tasks

      at Function.log [as getTasks] (services/taskService.ts:34:15)

    console.log
      ≡ƒöù [TaskService] Fetching tasks from: /tasks

      at Function.log [as getTasks] (services/taskService.ts:8:15)

    console.log
      ≡ƒôè [TaskService] Paginated response detected

      at Function.log [as getTasks] (services/taskService.ts:19:19)

    console.log
      Γ£à [TaskService] Response: {
        success: true,
        count: 1,
        message: undefined,
        rawDataType: 'object',
        isArray: false
      }

      at Function.log [as getTasks] (services/taskService.ts:27:15)

    console.log
      ≡ƒôè [TaskService] Returning 1 tasks

      at Function.log [as getTasks] (services/taskService.ts:34:15)

    console.log
      ≡ƒöù [TaskService] Fetching tasks from: /tasks

      at Function.log [as getTasks] (services/taskService.ts:8:15)

    console.error
      Γ¥î [TaskService] Error fetching tasks: { status: 500, message: 'Server error', errors: undefined }

    [0m [90m 36 |[39m       [36mreturn[39m tasks[33m;[39m
     [90m 37 |[39m     } [36mcatch[39m (error[33m:[39m any) {
    [31m[1m>[22m[39m[90m 38 |[39m       console[33m.[39merror([32m'Γ¥î [TaskService] Error fetching 
tasks:'[39m[33m,[39m {
     [90m    |[39m               [31m[1m^[22m[39m
     [90m 39 |[39m         status[33m:[39m error[33m.[39mresponse[33m?[39m[33m.[39mstatus[33m,[39m
     [90m 40 |[39m         message[33m:[39m 
error[33m.[39mresponse[33m?[39m[33m.[39mdata[33m?[39m[33m.[39mmessage[33m,[39m
     [90m 41 |[39m         errors[33m:[39m 
error[33m.[39mresponse[33m?[39m[33m.[39mdata[33m?[39m[33m.[39merrors[0m

      at Function.error [as getTasks] (services/taskService.ts:38:15)
      at Object.<anonymous> (__tests__/services-complete.test.ts:49:7)

    console.error
      ≡ƒöì [TaskService] Error details: {
        status: 500,
        success: undefined,
        message: 'Server error',
        errors: undefined
      }

    [0m [90m 130 |[39m
     [90m 131 |[39m   [36mprivate[39m [36mstatic[39m handleError(error[33m:[39m any)[33m:[39m 
[33mError[39m {
    [31m[1m>[22m[39m[90m 132 |[39m     console[33m.[39merror([32m'≡ƒöì [TaskService] Error 
details:'[39m[33m,[39m {
     [90m     |[39m             [31m[1m^[22m[39m
     [90m 133 |[39m       status[33m:[39m error[33m.[39mresponse[33m?[39m[33m.[39mstatus[33m,[39m
     [90m 134 |[39m       success[33m:[39m 
error[33m.[39mresponse[33m?[39m[33m.[39mdata[33m?[39m[33m.[39msuccess[33m,[39m
     [90m 135 |[39m       message[33m:[39m 
error[33m.[39mresponse[33m?[39m[33m.[39mdata[33m?[39m[33m.[39mmessage[33m,[39m[0m

      at Function.error [as handleError] (services/taskService.ts:132:13)
      at Function.handleError [as getTasks] (services/taskService.ts:43:18)
      at Object.<anonymous> (__tests__/services-complete.test.ts:49:7)

    console.log
      Γ₧ò [TaskService] Creating task: {
        title: 'New Task',
        status: undefined,
        project_id: undefined,
        tags: undefined,
        has_due_date: false
      }

      at Function.log [as createTask] (services/taskService.ts:69:15)

    console.log
      Γ£à [TaskService] Task created: { id: 1, title: 'New Task', message: undefined }

      at Function.log [as createTask] (services/taskService.ts:77:15)

    console.log
      Γ₧ò [TaskService] Creating task: {
        title: 'Test',
        status: undefined,
        project_id: undefined,
        tags: undefined,
        has_due_date: false
      }

      at Function.log [as createTask] (services/taskService.ts:69:15)

    console.error
      Γ¥î [TaskService] Error creating task: { status: 422, message: undefined, errors: {} }

    [0m [90m 85 |[39m       [36mreturn[39m response[33m.[39mdata[33m.[39mdata[33m;[39m
     [90m 86 |[39m     } [36mcatch[39m (error[33m:[39m any) {
    [31m[1m>[22m[39m[90m 87 |[39m       console[33m.[39merror([32m'Γ¥î [TaskService] Error creating 
task:'[39m[33m,[39m {
     [90m    |[39m               [31m[1m^[22m[39m
     [90m 88 |[39m         status[33m:[39m error[33m.[39mresponse[33m?[39m[33m.[39mstatus[33m,[39m
     [90m 89 |[39m         message[33m:[39m 
error[33m.[39mresponse[33m?[39m[33m.[39mdata[33m?[39m[33m.[39mmessage[33m,[39m
     [90m 90 |[39m         errors[33m:[39m 
error[33m.[39mresponse[33m?[39m[33m.[39mdata[33m?[39m[33m.[39merrors[0m

      at Function.error [as createTask] (services/taskService.ts:87:15)
      at Object.<anonymous> (__tests__/services-complete.test.ts:71:7)

    console.error
      ≡ƒöì [TaskService] Error details: { status: 422, success: undefined, message: undefined, errors: {} }

    [0m [90m 130 |[39m
     [90m 131 |[39m   [36mprivate[39m [36mstatic[39m handleError(error[33m:[39m any)[33m:[39m 
[33mError[39m {
    [31m[1m>[22m[39m[90m 132 |[39m     console[33m.[39merror([32m'≡ƒöì [TaskService] Error 
details:'[39m[33m,[39m {
     [90m     |[39m             [31m[1m^[22m[39m
     [90m 133 |[39m       status[33m:[39m error[33m.[39mresponse[33m?[39m[33m.[39mstatus[33m,[39m
     [90m 134 |[39m       success[33m:[39m 
error[33m.[39mresponse[33m?[39m[33m.[39mdata[33m?[39m[33m.[39msuccess[33m,[39m
     [90m 135 |[39m       message[33m:[39m 
error[33m.[39mresponse[33m?[39m[33m.[39mdata[33m?[39m[33m.[39mmessage[33m,[39m[0m

      at Function.error [as handleError] (services/taskService.ts:132:13)
      at Function.handleError [as createTask] (services/taskService.ts:92:18)
      at Object.<anonymous> (__tests__/services-complete.test.ts:71:7)

    console.log
      Γ£Å∩╕Å [TaskService] Updating task #1: {
        fields: [ 'title' ],
        status: undefined,
        title: 'Updated Task',
        tags: undefined
      }

      at Function.log [as updateTask] (services/taskService.ts:98:15)

    console.log
      Γ£à [TaskService] Task #1 updated: { title: 'Updated Task', status: undefined, message: undefined }

      at Function.log [as updateTask] (services/taskService.ts:105:15)

    console.log
      ≡ƒùæ∩╕Å [TaskService] Deleting task #1

      at Function.log [as deleteTask] (services/taskService.ts:122:15)

    console.log
      Γ£à [TaskService] Task #1 deleted successfully

      at Function.log [as deleteTask] (services/taskService.ts:124:15)

    console.log
      ≡ƒöù [ProjectService] Fetching projects from: /projects

      at Function.log [as getProjects] (services/projectService.ts:12:15)

    console.log
      Γ£à [ProjectService] Response: {
        success: true,
        count: 2,
        message: undefined,
        rawDataType: 'object',
        isArray: true
      }

      at Function.log [as getProjects] (services/projectService.ts:30:15)

    console.log
      ≡ƒôè [ProjectService] Returning 2 projects

      at Function.log [as getProjects] (services/projectService.ts:37:15)

    console.log
      ≡ƒöù [ProjectService] Fetching projects from: /projects

      at Function.log [as getProjects] (services/projectService.ts:12:15)

    console.error
      Γ¥î [ProjectService] Error fetching projects: { status: 401, message: undefined, errors: undefined }

    [0m [90m 39 |[39m       [36mreturn[39m projects[33m;[39m
     [90m 40 |[39m     } [36mcatch[39m (error[33m:[39m any) {
    [31m[1m>[22m[39m[90m 41 |[39m       console[33m.[39merror([32m'Γ¥î [ProjectService] Error fetching 
projects:'[39m[33m,[39m {
     [90m    |[39m               [31m[1m^[22m[39m
     [90m 42 |[39m         status[33m:[39m error[33m.[39mresponse[33m?[39m[33m.[39mstatus[33m,[39m
     [90m 43 |[39m         message[33m:[39m 
error[33m.[39mresponse[33m?[39m[33m.[39mdata[33m?[39m[33m.[39mmessage[33m,[39m
     [90m 44 |[39m         errors[33m:[39m 
error[33m.[39mresponse[33m?[39m[33m.[39mdata[33m?[39m[33m.[39merrors[0m

      at Function.error [as getProjects] (services/projectService.ts:41:15)
      at Object.<anonymous> (__tests__/services-complete.test.ts:129:7)

    console.error
      ≡ƒöì [ProjectService] Error details: {
        status: 401,
        success: undefined,
        message: undefined,
        errors: undefined
      }

    [0m [90m 66 |[39m
     [90m 67 |[39m   [36mprivate[39m [36mstatic[39m handleError(error[33m:[39m any)[33m:[39m 
[33mError[39m {
    [31m[1m>[22m[39m[90m 68 |[39m     console[33m.[39merror([32m'≡ƒöì [ProjectService] Error 
details:'[39m[33m,[39m {
     [90m    |[39m             [31m[1m^[22m[39m
     [90m 69 |[39m       status[33m:[39m error[33m.[39mresponse[33m?[39m[33m.[39mstatus[33m,[39m
     [90m 70 |[39m       success[33m:[39m 
error[33m.[39mresponse[33m?[39m[33m.[39mdata[33m?[39m[33m.[39msuccess[33m,[39m
     [90m 71 |[39m       message[33m:[39m 
error[33m.[39mresponse[33m?[39m[33m.[39mdata[33m?[39m[33m.[39mmessage[33m,[39m[0m

      at Function.error [as handleError] (services/projectService.ts:68:13)
      at Function.handleError (services/projectService.ts:46:18)
      at Object.<anonymous> (__tests__/services-complete.test.ts:129:7)

    console.error
      Γ¥î [ProjectService] Create not available - Projects are read-only

    [0m [90m 51 |[39m   
     [90m 52 |[39m   [36mstatic[39m [36masync[39m createProject(data[33m:[39m { name[33m:[39m 
string[33m;[39m description[33m?[39m[33m:[39m string })[33m:[39m 
[33mPromise[39m[33m<[39m[33mProject[39m[33m>[39m {
    [31m[1m>[22m[39m[90m 53 |[39m     console[33m.[39merror([32m'Γ¥î [ProjectService] Create not available 
- Projects are read-only'[39m)[33m;[39m
     [90m    |[39m             [31m[1m^[22m[39m
     [90m 54 |[39m     [36mthrow[39m [36mnew[39m [33mError[39m([32m'Projects are read-only. Create 
operation not available.'[39m)[33m;[39m
     [90m 55 |[39m   }
     [90m 56 |[39m[0m

      at Function.error [as createProject] (services/projectService.ts:53:13)
      at Object.createProject (__tests__/services-complete.test.ts:142:43)

    console.log
      ≡ƒöù [TagService] Fetching tags from API

      at Function.log [as getTags] (services/tagService.ts:8:15)

    console.log
      Γ£à [TagService] Fetched 2 tags

      at Function.log [as getTags] (services/tagService.ts:21:15)

    console.log
      ≡ƒöù [TagService] Fetching tags from API

      at Function.log [as getTags] (services/tagService.ts:8:15)

    console.error
      Γ¥î [TagService] Error fetching tags: undefined

    [0m [90m 22 |[39m       [36mreturn[39m tags[33m;[39m
     [90m 23 |[39m     } [36mcatch[39m (error[33m:[39m any) {
    [31m[1m>[22m[39m[90m 24 |[39m       console[33m.[39merror([32m'Γ¥î [TagService] Error fetching 
tags:'[39m[33m,[39m error[33m.[39mresponse[33m?[39m[33m.[39mdata)[33m;[39m
     [90m    |[39m               [31m[1m^[22m[39m
     [90m 25 |[39m       [36mreturn[39m [][33m;[39m
     [90m 26 |[39m     }
     [90m 27 |[39m   }[0m

      at Function.error [as getTags] (services/tagService.ts:24:15)
      at Object.<anonymous> (__tests__/services-complete.test.ts:175:7)

    console.error
      Γ¥î [TagService] Tags are not separate entities

    [0m [90m 47 |[39m
     [90m 48 |[39m   [36mstatic[39m [36masync[39m createTag(data[33m:[39m { name[33m:[39m string 
})[33m:[39m [33mPromise[39m[33m<[39m[33mTag[39m[33m>[39m {
    [31m[1m>[22m[39m[90m 49 |[39m     console[33m.[39merror([32m'Γ¥î [TagService] Tags are not separate 
entities'[39m)[33m;[39m
     [90m    |[39m             [31m[1m^[22m[39m
     [90m 50 |[39m     [36mthrow[39m [36mnew[39m [33mError[39m([32m'Tags are managed through tasks, not as 
separate entities.'[39m)[33m;[39m
     [90m 51 |[39m   }
     [90m 52 |[39m[0m

      at Function.error [as createTag] (services/tagService.ts:49:13)
      at Object.createTag (__tests__/services-complete.test.ts:188:39)

  ΓùÅ ProjectService ΓÇ║ getProjects ΓÇ║ should fetch and return projects successfully

    expect(jest.fn()).toHaveBeenCalledWith(...expected)

    Expected: "/projects?per_page=100"
    Received: "/projects"

    Number of calls: 1

    [0m [90m 120 |[39m       [36mconst[39m result [33m=[39m [36mawait[39m 
[33mProjectService[39m[33m.[39mgetProjects()[33m;[39m
     [90m 121 |[39m       expect(result)[33m.[39mtoEqual(mockProjects)[33m;[39m
    [31m[1m>[22m[39m[90m 122 |[39m       
expect(mockApi[33m.[39m[36mget[39m)[33m.[39mtoHaveBeenCalledWith([32m'/projects?per_page=100'[39m)[33m;[39m
     [90m     |[39m                           [31m[1m^[22m[39m
     [90m 123 |[39m     })[33m;[39m
     [90m 124 |[39m
     [90m 125 |[39m     it([32m'should handle errors when fetching projects'[39m[33m,[39m [36masync[39m () 
[33m=>[39m {[0m

      at Object.toHaveBeenCalledWith (__tests__/services-complete.test.ts:122:27)

  ΓùÅ ProjectService ΓÇ║ createProject ΓÇ║ should create a project successfully

    Projects are read-only. Create operation not available.

    [0m [90m 52 |[39m   [36mstatic[39m [36masync[39m createProject(data[33m:[39m { name[33m:[39m 
string[33m;[39m description[33m?[39m[33m:[39m string })[33m:[39m 
[33mPromise[39m[33m<[39m[33mProject[39m[33m>[39m {
     [90m 53 |[39m     console[33m.[39merror([32m'Γ¥î [ProjectService] Create not available - Projects are 
read-only'[39m)[33m;[39m
    [31m[1m>[22m[39m[90m 54 |[39m     [36mthrow[39m [36mnew[39m [33mError[39m([32m'Projects are 
read-only. Create operation not available.'[39m)[33m;[39m
     [90m    |[39m           [31m[1m^[22m[39m
     [90m 55 |[39m   }
     [90m 56 |[39m
     [90m 57 |[39m   [36mstatic[39m [36masync[39m updateProject(id[33m:[39m number[33m,[39m 
data[33m:[39m { name[33m:[39m string[33m;[39m description[33m?[39m[33m:[39m string })[33m:[39m 
[33mPromise[39m[33m<[39m[33mProject[39m[33m>[39m {[0m

      at Function.createProject (services/projectService.ts:54:11)
      at Object.createProject (__tests__/services-complete.test.ts:142:43)

  ΓùÅ TagService ΓÇ║ getTags ΓÇ║ should fetch and return tags successfully

    expect(jest.fn()).toHaveBeenCalledWith(...expected)

    Expected: "/tags?per_page=100"
    Received: "/tags"

    Number of calls: 1

    [0m [90m 166 |[39m       [36mconst[39m result [33m=[39m [36mawait[39m 
[33mTagService[39m[33m.[39mgetTags()[33m;[39m
     [90m 167 |[39m       expect(result)[33m.[39mtoEqual(mockTags)[33m;[39m
    [31m[1m>[22m[39m[90m 168 |[39m       
expect(mockApi[33m.[39m[36mget[39m)[33m.[39mtoHaveBeenCalledWith([32m'/tags?per_page=100'[39m)[33m;[39m
     [90m     |[39m                           [31m[1m^[22m[39m
     [90m 169 |[39m     })[33m;[39m
     [90m 170 |[39m
     [90m 171 |[39m     it([32m'should handle errors when fetching tags'[39m[33m,[39m [36masync[39m () 
[33m=>[39m {[0m

      at Object.toHaveBeenCalledWith (__tests__/services-complete.test.ts:168:27)

  ΓùÅ TagService ΓÇ║ getTags ΓÇ║ should handle errors when fetching tags

    expect(received).rejects.toThrow()

    Received promise resolved instead of rejected
    Resolved to value: []

    [0m [90m 173 |[39m       mockApi[33m.[39m[36mget[39m[33m.[39mmockRejectedValue(error)[33m;[39m
     [90m 174 |[39m
    [31m[1m>[22m[39m[90m 175 |[39m       [36mawait[39m 
expect([33mTagService[39m[33m.[39mgetTags())[33m.[39mrejects[33m.[39mtoThrow()[33m;[39m
     [90m     |[39m             [31m[1m^[22m[39m
     [90m 176 |[39m     })[33m;[39m
     [90m 177 |[39m   })[33m;[39m
     [90m 178 |[39m[0m

      at expect (node_modules/expect/build/index.js:2116:15)
      at Object.expect (__tests__/services-complete.test.ts:175:13)

  ΓùÅ TagService ΓÇ║ createTag ΓÇ║ should create a tag successfully

    Tags are managed through tasks, not as separate entities.

    [0m [90m 48 |[39m   [36mstatic[39m [36masync[39m createTag(data[33m:[39m { name[33m:[39m string 
})[33m:[39m [33mPromise[39m[33m<[39m[33mTag[39m[33m>[39m {
     [90m 49 |[39m     console[33m.[39merror([32m'Γ¥î [TagService] Tags are not separate 
entities'[39m)[33m;[39m
    [31m[1m>[22m[39m[90m 50 |[39m     [36mthrow[39m [36mnew[39m [33mError[39m([32m'Tags are managed 
through tasks, not as separate entities.'[39m)[33m;[39m
     [90m    |[39m           [31m[1m^[22m[39m
     [90m 51 |[39m   }
     [90m 52 |[39m
     [90m 53 |[39m   [36mstatic[39m [36masync[39m deleteTag(id[33m:[39m number)[33m:[39m 
[33mPromise[39m[33m<[39m[36mvoid[39m[33m>[39m {[0m

      at Function.createTag (services/tagService.ts:50:11)
      at Object.createTag (__tests__/services-complete.test.ts:188:39)

FAIL __tests__/auth-actions.test.ts
  ΓùÅ Authentication Actions ΓÇ║ logoutAction ΓÇ║ should logout successfully

    expect(received).rejects.toThrow()

    Received promise resolved instead of rejected
    Resolved to value: undefined

    [0m [90m 181 |[39m       mockClearAuthCookies[33m.[39mmockResolvedValue()[33m;[39m
     [90m 182 |[39m
    [31m[1m>[22m[39m[90m 183 |[39m       [36mawait[39m 
expect(logoutAction())[33m.[39mrejects[33m.[39mtoThrow()[33m;[39m
     [90m     |[39m             [31m[1m^[22m[39m
     [90m 184 |[39m       expect(mockClearAuthCookies)[33m.[39mtoHaveBeenCalled()[33m;[39m
     [90m 185 |[39m     })[33m;[39m
     [90m 186 |[39m   })[33m;[39m[0m

      at expect (node_modules/expect/build/index.js:2116:15)
      at Object.expect (__tests__/auth-actions.test.ts:183:13)

FAIL __tests__/LoadingSpinner.test.tsx
  ΓùÅ Test suite failed to run

    Cannot find module '../LoadingSpinner' from '__tests__/LoadingSpinner.test.tsx'

    [0m [90m  5 |[39m   it([32m'renders loading spinner'[39m[33m,[39m () [33m=>[39m {
     [90m  6 |[39m     render([33m<[39m[33mLoadingSpinner[39m [33m/[39m[33m>[39m)[33m;[39m
    [31m[1m>[22m[39m[90m  7 |[39m     [36mconst[39m spinner [33m=[39m 
screen[33m.[39mgetByTestId([32m'loading-spinner'[39m)[33m;[39m
     [90m    |[39m                                                                [31m[1m^[22m[39m
     [90m  8 |[39m     expect(spinner)[33m.[39mtoBeInTheDocument()[33m;[39m
     [90m  9 |[39m   })[33m;[39m
     [90m 10 |[39m[0m

      at Resolver._throwModNotFoundError (node_modules/jest-resolve/build/index.js:863:11)
      at Object.<anonymous> (__tests__/LoadingSpinner.test.tsx:7:64)

FAIL __tests__/TaskCard.test.tsx
  ΓùÅ Test suite failed to run

    Cannot find module '../TaskCard' from '__tests__/TaskCard.test.tsx'

    [0m [90m  5 |[39m [36mconst[39m mockTask[33m:[39m [33mTask[39m [33m=[39m {
     [90m  6 |[39m   id[33m:[39m [35m1[39m[33m,[39m
    [31m[1m>[22m[39m[90m  7 |[39m   title[33m:[39m [32m'Test Task'[39m[33m,[39m
     [90m    |[39m                                                    [31m[1m^[22m[39m
     [90m  8 |[39m   description[33m:[39m [32m'Test Description'[39m[33m,[39m
     [90m  9 |[39m   status[33m:[39m [32m'pending'[39m[33m,[39m
     [90m 10 |[39m   due_date[33m:[39m [32m'2025-12-10'[39m[33m,[39m[0m

      at Resolver._throwModNotFoundError (node_modules/jest-resolve/build/index.js:863:11)
      at Object.<anonymous> (__tests__/TaskCard.test.tsx:7:58)

FAIL __tests__/useTasks.test.ts
  ΓùÅ Test suite failed to run

    Cannot find module '../useTasks' from '__tests__/useTasks.test.ts'

    [0m [90m  7 |[39m jest[33m.[39mmock([32m'@/services/taskService'[39m)[33m;[39m
     [90m  8 |[39m jest[33m.[39mmock([32m'@/services/projectService'[39m)[33m;[39m
    [31m[1m>[22m[39m[90m  9 |[39m jest[33m.[39mmock([32m'@/services/tagService'[39m)[33m;[39m
     [90m    |[39m                   [31m[1m^[22m[39m
     [90m 10 |[39m
     [90m 11 |[39m [36mconst[39m mockTasks [33m=[39m [
     [90m 12 |[39m   {[0m

      at Resolver._throwModNotFoundError (node_modules/jest-resolve/build/index.js:863:11)
      at Object.<anonymous> (__tests__/useTasks.test.ts:9:19)

FAIL __tests__/ErrorMessage.test.tsx
  ΓùÅ Test suite failed to run

    Cannot find module '../ErrorMessage' from '__tests__/ErrorMessage.test.tsx'

    [0m [90m  5 |[39m   it([32m'renders error message'[39m[33m,[39m () [33m=>[39m {
     [90m  6 |[39m     render([33m<[39m[33mErrorMessage[39m message[33m=[39m[32m"Test error"[39m 
[33m/[39m[33m>[39m)[33m;[39m
    [31m[1m>[22m[39m[90m  7 |[39m     expect(screen[33m.[39mgetByText([32m'Test 
error'[39m))[33m.[39mtoBeInTheDocument()[33m;[39m
     [90m    |[39m                                                              [31m[1m^[22m[39m
     [90m  8 |[39m   })[33m;[39m
     [90m  9 |[39m
     [90m 10 |[39m   it([32m'renders retry button when onRetry provided'[39m[33m,[39m () [33m=>[39m {[0m

      at Resolver._throwModNotFoundError (node_modules/jest-resolve/build/index.js:863:11)
      at Object.<anonymous> (__tests__/ErrorMessage.test.tsx:7:62)

FAIL __tests__/AdditionalUIComponents.test.tsx
  ΓùÅ Test suite failed to run

    Cannot find module '../ui/textarea' from '__tests__/AdditionalUIComponents.test.tsx'

    [0m [90m  7 |[39m
     [90m  8 |[39m describe([32m'Additional UI Components'[39m[33m,[39m () [33m=>[39m {
    [31m[1m>[22m[39m[90m  9 |[39m   describe([32m'Textarea'[39m[33m,[39m () [33m=>[39m {
     [90m    |[39m                   [31m[1m^[22m[39m
     [90m 10 |[39m     it([32m'should render textarea'[39m[33m,[39m () [33m=>[39m {
     [90m 11 |[39m       [36mconst[39m { container } [33m=[39m render([33m<[39m[33mTextarea[39m 
placeholder[33m=[39m[32m"Enter text"[39m [33m/[39m[33m>[39m)[33m;[39m
     [90m 12 |[39m       [36mconst[39m textarea [33m=[39m 
container[33m.[39mquerySelector([32m'textarea'[39m)[33m;[39m[0m

      at Resolver._throwModNotFoundError (node_modules/jest-resolve/build/index.js:863:11)
      at Object.<anonymous> (__tests__/AdditionalUIComponents.test.tsx:9:19)

FAIL __tests__/utils.test.ts
  ΓùÅ Test suite failed to run

    Cannot find module '../utils' from '__tests__/utils.test.ts'

    [0m [90m 3 |[39m describe([32m'Utility Functions'[39m[33m,[39m () [33m=>[39m {
     [90m 4 |[39m   describe([32m'cn (className utility)'[39m[33m,[39m () [33m=>[39m {
    [31m[1m>[22m[39m[90m 5 |[39m     it([32m'should merge class names correctly'[39m[33m,[39m () 
[33m=>[39m {
     [90m   |[39m                [31m[1m^[22m[39m
     [90m 6 |[39m       expect(cn([32m'text-red-500'[39m[33m,[39m 
[32m'bg-blue-500'[39m))[33m.[39mtoBe([32m'text-red-500 bg-blue-500'[39m)[33m;[39m
     [90m 7 |[39m     })[33m;[39m
     [90m 8 |[39m[0m

      at Resolver._throwModNotFoundError (node_modules/jest-resolve/build/index.js:863:11)
      at Object.<anonymous> (__tests__/utils.test.ts:5:16)

FAIL __tests__/ShadcnComponents.test.tsx
  ΓùÅ Test suite failed to run

    Cannot find module '../ui/button' from '__tests__/ShadcnComponents.test.tsx'

    [0m [90m  7 |[39m [36mimport[39m { [33mInput[39m } [36mfrom[39m [32m'../ui/input'[39m[33m;[39m
     [90m  8 |[39m
    [31m[1m>[22m[39m[90m  9 |[39m describe([32m'shadcn/ui Components'[39m[33m,[39m () [33m=>[39m {
     [90m    |[39m                 [31m[1m^[22m[39m
     [90m 10 |[39m   describe([32m'Button Component'[39m[33m,[39m () [33m=>[39m {
     [90m 11 |[39m     it([32m'should render button with text'[39m[33m,[39m () [33m=>[39m {
     [90m 12 |[39m       render([33m<[39m[33mButton[39m[33m>[39m[33mClick[39m 
me[33m<[39m[33m/[39m[33mButton[39m[33m>[39m)[33m;[39m[0m

      at Resolver._throwModNotFoundError (node_modules/jest-resolve/build/index.js:863:11)
      at Object.<anonymous> (__tests__/ShadcnComponents.test.tsx:9:17)

FAIL __tests__/services.test.ts
  ΓùÅ Test suite failed to run

    Cannot find module '../taskService' from '__tests__/services.test.ts'

    [0m [90m 4 |[39m [36mimport[39m api [36mfrom[39m [32m'@/lib/api'[39m[33m;[39m
     [90m 5 |[39m
    [31m[1m>[22m[39m[90m 6 |[39m jest[33m.[39mmock([32m'@/lib/api'[39m)[33m;[39m
     [90m   |[39m                      [31m[1m^[22m[39m
     [90m 7 |[39m [36mconst[39m mockedApi [33m=[39m api [36mas[39m 
jest[33m.[39m[33mMocked[39m[33m<[39m[36mtypeof[39m api[33m>[39m[33m;[39m
     [90m 8 |[39m
     [90m 9 |[39m describe([32m'Service Layer'[39m[33m,[39m () [33m=>[39m {[0m

      at Resolver._throwModNotFoundError (node_modules/jest-resolve/build/index.js:863:11)
      at Object.<anonymous> (__tests__/services.test.ts:6:22)

Test Suites: 12 failed, 12 total
Tests:       10 failed, 22 passed, 32 total
Snapshots:   0 total
Time:        3.104 s
Ran all test suites.
